
> mobileui-react-native@1.0.0 start
> expo start --non-interactive

Starting project at D:\workspace\Mobile-UI-Template\react-native
Starting Metro Bundler
Waiting on http://localhost:8081
Logs for your project will appear below.
Web node_modules\expo\AppEntry.js ░░░░░░░░░░░░░░░░  0.0% (0/1)
Web node_modules\expo\AppEntry.js ░░░░░░░░░░░░░░░░  0.0% (0/1)
Web Bundled 1835ms node_modules\expo\AppEntry.js (316 modules)
Web Bundled 1863ms node_modules\expo\AppEntry.js (1 module)
Web node_modules\expo\AppEntry.js ░░░░░░░░░░░░░░░░  0.0% (0/1)
Web Bundled 53ms node_modules\expo\AppEntry.js (1 module)
Web node_modules\expo\AppEntry.js ░░░░░░░░░░░░░░░░  0.0% (0/1)
Web Bundled 29ms node_modules\expo\AppEntry.js (1 module)
Web node_modules\expo\AppEntry.js ░░░░░░░░░░░░░░░░  0.0% (0/1)
Web Bundled 8941ms node_modules\expo\AppEntry.js (1 module)
Web node_modules\expo\AppEntry.js ░░░░░░░░░░░░░░░░  0.0% (0/1)
Web node_modules\expo\AppEntry.js ░░░░░░░░░░░░░░░░  0.0% (0/1)
Web Bundled 147ms node_modules\expo\AppEntry.js (1 module)
Web node_modules\expo\AppEntry.js ░░░░░░░░░░░░░░░░  0.0% (0/1)
Web Bundled 22ms node_modules\expo\AppEntry.js (1 module)
Web node_modules\expo\AppEntry.js ░░░░░░░░░░░░░░░░  0.0% (0/1)
Web Bundled 433ms node_modules\expo\AppEntry.js (1 module)
Web node_modules\expo\AppEntry.js ░░░░░░░░░░░░░░░░  0.0% (0/1)
Web Bundled 328ms node_modules\expo\AppEntry.js (1 module)
Web node_modules\expo\AppEntry.js ░░░░░░░░░░░░░░░░  0.0% (0/1)
Web Bundled 25ms node_modules\expo\AppEntry.js (1 module)
Web node_modules\expo\AppEntry.js ░░░░░░░░░░░░░░░░  0.0% (0/1)
Web Bundled 1598ms node_modules\expo\AppEntry.js (1 module)
Web node_modules\expo\AppEntry.js ░░░░░░░░░░░░░░░░  0.0% (0/1)
Web Bundled 22ms node_modules\expo\AppEntry.js (1 module)
Web node_modules\expo\AppEntry.js ░░░░░░░░░░░░░░░░  0.0% (0/1)
Web Bundled 23ms node_modules\expo\AppEntry.js (1 module)
Web node_modules\expo\AppEntry.js ░░░░░░░░░░░░░░░░  0.0% (0/1)
Web Bundled 29ms node_modules\expo\AppEntry.js (1 module)
Web node_modules\expo\AppEntry.js ░░░░░░░░░░░░░░░░  0.0% (0/1)
Web Bundled 27ms node_modules\expo\AppEntry.js (1 module)
Web node_modules\expo\AppEntry.js ░░░░░░░░░░░░░░░░  0.0% (0/1)
Web Bundled 727ms node_modules\expo\AppEntry.js (1 module)
Web node_modules\expo\AppEntry.js ░░░░░░░░░░░░░░░░  0.0% (0/1)
Web Bundled 34ms node_modules\expo\AppEntry.js (1 module)
Web node_modules\expo\AppEntry.js ░░░░░░░░░░░░░░░░  0.0% (0/1)
Web Bundled 125ms node_modules\expo\AppEntry.js (1 module)
Web node_modules\expo\AppEntry.js ░░░░░░░░░░░░░░░░  0.0% (0/1)
Web Bundled 1270ms node_modules\expo\AppEntry.js (1 module)
Web node_modules\expo\AppEntry.js ░░░░░░░░░░░░░░░░  0.0% (0/1)
Web Bundled 250ms node_modules\expo\AppEntry.js (1 module)
Web node_modules\expo\AppEntry.js ░░░░░░░░░░░░░░░░  0.0% (0/1)
Web Bundled 25ms node_modules\expo\AppEntry.js (1 module)
Web node_modules\expo\AppEntry.js ░░░░░░░░░░░░░░░░  0.0% (0/1)
Web Bundled 231ms node_modules\expo\AppEntry.js (1 module)
Web node_modules\expo\AppEntry.js ░░░░░░░░░░░░░░░░  0.0% (0/1)
Web Bundled 407ms node_modules\expo\AppEntry.js (1 module)
Web node_modules\expo\AppEntry.js ░░░░░░░░░░░░░░░░  0.0% (0/1)
Web Bundled 175ms node_modules\expo\AppEntry.js (1 module)
Web node_modules\expo\AppEntry.js ░░░░░░░░░░░░░░░░  0.0% (0/1)
Web Bundled 23ms node_modules\expo\AppEntry.js (1 module)
Web Bundled 25ms node_modules\expo\AppEntry.js (1 module)
Web node_modules\expo\AppEntry.js ░░░░░░░░░░░░░░░░  0.0% (0/1)
Web Bundled 27ms node_modules\expo\AppEntry.js (1 module)
Web node_modules\expo\AppEntry.js ░░░░░░░░░░░░░░░░  0.0% (0/1)
Web Bundled 1421ms node_modules\expo\AppEntry.js (1 module)
Web node_modules\expo\AppEntry.js ░░░░░░░░░░░░░░░░  0.0% (0/1)
Web Bundled 401ms node_modules\expo\AppEntry.js (1 module)
